Unable to find image 'ghcr.io/aquasecurity/trivy:latest' locally
latest: Pulling from aquasecurity/trivy
589002ba0eae: Already exists
bd497c3c7308: Pulling fs layer
77ddeac46eeb: Pulling fs layer
fcdcff3e8f06: Pulling fs layer
fcdcff3e8f06: Verifying Checksum
fcdcff3e8f06: Download complete
bd497c3c7308: Verifying Checksum
bd497c3c7308: Download complete
77ddeac46eeb: Verifying Checksum
77ddeac46eeb: Download complete
bd497c3c7308: Pull complete
77ddeac46eeb: Pull complete
fcdcff3e8f06: Pull complete
Digest: sha256:be1190afcb28352bfddc4ddeb71470835d16462af68d310f9f4bca710961a41e
Status: Downloaded newer image for ghcr.io/aquasecurity/trivy:latest
2026-04-29T14:18:12Z	INFO	[vulndb] Need to update DB
2026-04-29T14:18:12Z	INFO	[vulndb] Downloading vulnerability DB...
2026-04-29T14:18:12Z	INFO	[vulndb] Downloading artifact...	repo="mirror.gcr.io/aquasec/trivy-db:2"
1.56 MiB / 91.51 MiB [->_____________________________________________________________] 1.71% ? p/s ?18.25 MiB / 91.51 MiB [------------>________________________________________________] 19.94% ? p/s ?47.69 MiB / 91.51 MiB [------------------------------->_____________________________] 52.11% ? p/s ?77.41 MiB / 91.51 MiB [--------------------------------------->_______] 84.58% 126.48 MiB p/s ETA 0s91.51 MiB / 91.51 MiB [--------------------------------------------->] 100.00% 126.48 MiB p/s ETA 0s91.51 MiB / 91.51 MiB [--------------------------------------------->] 100.00% 126.48 MiB p/s ETA 0s91.51 MiB / 91.51 MiB [--------------------------------------------->] 100.00% 119.84 MiB p/s ETA 0s91.51 MiB / 91.51 MiB [--------------------------------------------->] 100.00% 119.84 MiB p/s ETA 0s91.51 MiB / 91.51 MiB [--------------------------------------------->] 100.00% 119.84 MiB p/s ETA 0s91.51 MiB / 91.51 MiB [--------------------------------------------->] 100.00% 112.11 MiB p/s ETA 0s91.51 MiB / 91.51 MiB [--------------------------------------------->] 100.00% 112.11 MiB p/s ETA 0s91.51 MiB / 91.51 MiB [--------------------------------------------->] 100.00% 112.11 MiB p/s ETA 0s91.51 MiB / 91.51 MiB [--------------------------------------------->] 100.00% 104.87 MiB p/s ETA 0s91.51 MiB / 91.51 MiB [--------------------------------------------->] 100.00% 104.87 MiB p/s ETA 0s91.51 MiB / 91.51 MiB [--------------------------------------------->] 100.00% 104.87 MiB p/s ETA 0s91.51 MiB / 91.51 MiB [---------------------------------------------->] 100.00% 98.11 MiB p/s ETA 0s91.51 MiB / 91.51 MiB [---------------------------------------------->] 100.00% 98.11 MiB p/s ETA 0s91.51 MiB / 91.51 MiB [---------------------------------------------->] 100.00% 98.11 MiB p/s ETA 0s91.51 MiB / 91.51 MiB [---------------------------------------------->] 100.00% 91.78 MiB p/s ETA 0s91.51 MiB / 91.51 MiB [---------------------------------------------->] 100.00% 91.78 MiB p/s ETA 0s91.51 MiB / 91.51 MiB [---------------------------------------------->] 100.00% 91.78 MiB p/s ETA 0s91.51 MiB / 91.51 MiB [---------------------------------------------->] 100.00% 85.86 MiB p/s ETA 0s91.51 MiB / 91.51 MiB [-------------------------------------------------] 100.00% 21.44 MiB p/s 4.5s2026-04-29T14:18:17Z	INFO	[vulndb] Artifact successfully downloaded	repo="mirror.gcr.io/aquasec/trivy-db:2"
Version: 0.70.0
  Version: 2
2026-04-29T14:18:21Z	INFO	[vuln] Vulnerability scanning is enabled
2026-04-29T14:18:21Z	INFO	[secret] Secret scanning is enabled
2026-04-29T14:18:21Z	INFO	[secret] If your scanning is slow, please try '--scanners vuln' to disable secret scanning
2026-04-29T14:18:21Z	INFO	[secret] Please see https://trivy.dev/docs/v0.70/guide/scanner/secret#recommendation for faster secret detection
2026-04-29T14:18:22Z	WARN	[pip] Unable to find python `site-packages` directory. License detection is skipped.	err="unable to find path to Python executable"
2026-04-29T14:18:22Z	INFO	Number of language-specific files	num=0
Version: 0.70.0
  Version: 2
Error response from daemon: pull access denied for dhi/caddy, repository does not exist or may require 'docker login': denied: requested access to the resource is denied
