Unable to find image 'ghcr.io/aquasecurity/trivy:latest' locally
latest: Pulling from aquasecurity/trivy
589002ba0eae: Already exists
bd497c3c7308: Pulling fs layer
77ddeac46eeb: Pulling fs layer
fcdcff3e8f06: Pulling fs layer
fcdcff3e8f06: Verifying Checksum
fcdcff3e8f06: Download complete
bd497c3c7308: Verifying Checksum
bd497c3c7308: Download complete
bd497c3c7308: Pull complete
77ddeac46eeb: Verifying Checksum
77ddeac46eeb: Download complete
77ddeac46eeb: Pull complete
fcdcff3e8f06: Pull complete
Digest: sha256:be1190afcb28352bfddc4ddeb71470835d16462af68d310f9f4bca710961a41e
Status: Downloaded newer image for ghcr.io/aquasecurity/trivy:latest
2026-04-29T16:47:24Z	INFO	[vulndb] Need to update DB
2026-04-29T16:47:24Z	INFO	[vulndb] Downloading vulnerability DB...
2026-04-29T16:47:24Z	INFO	[vulndb] Downloading artifact...	repo="mirror.gcr.io/aquasec/trivy-db:2"
927.14 KiB / 91.51 MiB [>____________________________________________________________] 0.99% ? p/s ?8.87 MiB / 91.51 MiB [------>________________________________________________________] 9.70% ? p/s ?32.19 MiB / 91.51 MiB [--------------------->_______________________________________] 35.17% ? p/s ?56.60 MiB / 91.51 MiB [----------------------------->__________________] 61.85% 92.88 MiB p/s ETA 0s81.17 MiB / 91.51 MiB [------------------------------------------>_____] 88.70% 92.88 MiB p/s ETA 0s91.51 MiB / 91.51 MiB [---------------------------------------------->] 100.00% 92.88 MiB p/s ETA 0s91.51 MiB / 91.51 MiB [---------------------------------------------->] 100.00% 90.64 MiB p/s ETA 0s91.51 MiB / 91.51 MiB [---------------------------------------------->] 100.00% 90.64 MiB p/s ETA 0s91.51 MiB / 91.51 MiB [---------------------------------------------->] 100.00% 90.64 MiB p/s ETA 0s91.51 MiB / 91.51 MiB [---------------------------------------------->] 100.00% 84.79 MiB p/s ETA 0s91.51 MiB / 91.51 MiB [---------------------------------------------->] 100.00% 84.79 MiB p/s ETA 0s91.51 MiB / 91.51 MiB [---------------------------------------------->] 100.00% 84.79 MiB p/s ETA 0s91.51 MiB / 91.51 MiB [---------------------------------------------->] 100.00% 79.32 MiB p/s ETA 0s91.51 MiB / 91.51 MiB [---------------------------------------------->] 100.00% 79.32 MiB p/s ETA 0s91.51 MiB / 91.51 MiB [---------------------------------------------->] 100.00% 79.32 MiB p/s ETA 0s91.51 MiB / 91.51 MiB [---------------------------------------------->] 100.00% 74.20 MiB p/s ETA 0s91.51 MiB / 91.51 MiB [---------------------------------------------->] 100.00% 74.20 MiB p/s ETA 0s91.51 MiB / 91.51 MiB [---------------------------------------------->] 100.00% 74.20 MiB p/s ETA 0s91.51 MiB / 91.51 MiB [-------------------------------------------------] 100.00% 26.47 MiB p/s 3.7s2026-04-29T16:47:30Z	INFO	[vulndb] Artifact successfully downloaded	repo="mirror.gcr.io/aquasec/trivy-db:2"
Version: 0.70.0
  Version: 2
2026-04-29T16:47:34Z	INFO	[vuln] Vulnerability scanning is enabled
2026-04-29T16:47:34Z	INFO	[secret] Secret scanning is enabled
2026-04-29T16:47:34Z	INFO	[secret] If your scanning is slow, please try '--scanners vuln' to disable secret scanning
2026-04-29T16:47:34Z	INFO	[secret] Please see https://trivy.dev/docs/v0.70/guide/scanner/secret#recommendation for faster secret detection
2026-04-29T16:47:35Z	WARN	[pip] Unable to find python `site-packages` directory. License detection is skipped.	err="unable to find path to Python executable"
2026-04-29T16:47:35Z	INFO	Number of language-specific files	num=0
Version: 0.70.0
  Version: 2
Error response from daemon: pull access denied for dhi/caddy, repository does not exist or may require 'docker login': denied: requested access to the resource is denied
