Unable to find image 'ghcr.io/aquasecurity/trivy:latest' locally
latest: Pulling from aquasecurity/trivy
589002ba0eae: Already exists
bd497c3c7308: Pulling fs layer
77ddeac46eeb: Pulling fs layer
fcdcff3e8f06: Pulling fs layer
fcdcff3e8f06: Verifying Checksum
fcdcff3e8f06: Download complete
bd497c3c7308: Verifying Checksum
bd497c3c7308: Download complete
77ddeac46eeb: Verifying Checksum
77ddeac46eeb: Download complete
bd497c3c7308: Pull complete
77ddeac46eeb: Pull complete
fcdcff3e8f06: Pull complete
Digest: sha256:be1190afcb28352bfddc4ddeb71470835d16462af68d310f9f4bca710961a41e
Status: Downloaded newer image for ghcr.io/aquasecurity/trivy:latest
2026-04-27T19:47:55Z	INFO	[vulndb] Need to update DB
2026-04-27T19:47:55Z	INFO	[vulndb] Downloading vulnerability DB...
2026-04-27T19:47:55Z	INFO	[vulndb] Downloading artifact...	repo="mirror.gcr.io/aquasec/trivy-db:2"
23.03 MiB / 91.45 MiB [--------------->_____________________________________________] 25.19% ? p/s ?44.36 MiB / 91.45 MiB [----------------------------->_______________________________] 48.51% ? p/s ?70.71 MiB / 91.45 MiB [----------------------------------------------->_____________] 77.31% ? p/s ?91.45 MiB / 91.45 MiB [--------------------------------------------->] 100.00% 113.96 MiB p/s ETA 0s91.45 MiB / 91.45 MiB [--------------------------------------------->] 100.00% 113.96 MiB p/s ETA 0s91.45 MiB / 91.45 MiB [--------------------------------------------->] 100.00% 113.96 MiB p/s ETA 0s91.45 MiB / 91.45 MiB [--------------------------------------------->] 100.00% 106.61 MiB p/s ETA 0s91.45 MiB / 91.45 MiB [--------------------------------------------->] 100.00% 106.61 MiB p/s ETA 0s91.45 MiB / 91.45 MiB [--------------------------------------------->] 100.00% 106.61 MiB p/s ETA 0s91.45 MiB / 91.45 MiB [---------------------------------------------->] 100.00% 99.73 MiB p/s ETA 0s91.45 MiB / 91.45 MiB [---------------------------------------------->] 100.00% 99.73 MiB p/s ETA 0s91.45 MiB / 91.45 MiB [---------------------------------------------->] 100.00% 99.73 MiB p/s ETA 0s91.45 MiB / 91.45 MiB [---------------------------------------------->] 100.00% 93.30 MiB p/s ETA 0s91.45 MiB / 91.45 MiB [---------------------------------------------->] 100.00% 93.30 MiB p/s ETA 0s91.45 MiB / 91.45 MiB [---------------------------------------------->] 100.00% 93.30 MiB p/s ETA 0s91.45 MiB / 91.45 MiB [---------------------------------------------->] 100.00% 87.28 MiB p/s ETA 0s91.45 MiB / 91.45 MiB [-------------------------------------------------] 100.00% 28.84 MiB p/s 3.4s2026-04-27T19:47:59Z	INFO	[vulndb] Artifact successfully downloaded	repo="mirror.gcr.io/aquasec/trivy-db:2"
Version: 0.70.0
  Version: 2
2026-04-27T19:48:04Z	INFO	[vuln] Vulnerability scanning is enabled
2026-04-27T19:48:04Z	INFO	[secret] Secret scanning is enabled
2026-04-27T19:48:04Z	INFO	[secret] If your scanning is slow, please try '--scanners vuln' to disable secret scanning
2026-04-27T19:48:04Z	INFO	[secret] Please see https://trivy.dev/docs/v0.70/guide/scanner/secret#recommendation for faster secret detection
2026-04-27T19:48:04Z	WARN	[conda] Unable to detect the dependency versions from `environment.yml` as those versions are not pinned. Use `conda env export` to pin versions.
2026-04-27T19:48:04Z	WARN	[conda] Unable to detect the dependency versions from `environment.yml` as those versions are not pinned. Use `conda env export` to pin versions.
2026-04-27T19:48:04Z	WARN	[conda] Unable to detect the dependency versions from `environment.yml` as those versions are not pinned. Use `conda env export` to pin versions.
2026-04-27T19:48:04Z	INFO	[npm] To collect the license information of packages, "npm install" needs to be performed beforehand	dir="node_modules"
2026-04-27T19:48:05Z	INFO	Suppressing dependencies for development and testing. To display them, try the '--include-dev-deps' flag.
2026-04-27T19:48:05Z	INFO	Number of language-specific files	num=4
2026-04-27T19:48:05Z	INFO	[conda-environment] Detecting vulnerabilities...
2026-04-27T19:48:05Z	WARN	Conda package is supported for SBOM, not for vulnerability scanning
2026-04-27T19:48:05Z	WARN	Conda package is supported for SBOM, not for vulnerability scanning
2026-04-27T19:48:05Z	WARN	Conda package is supported for SBOM, not for vulnerability scanning
2026-04-27T19:48:05Z	INFO	[npm] Detecting vulnerabilities...
Version: 0.70.0
  Version: 2
Error response from daemon: pull access denied for dhi/caddy, repository does not exist or may require 'docker login': denied: requested access to the resource is denied
