Unable to find image 'ghcr.io/aquasecurity/trivy:latest' locally
latest: Pulling from aquasecurity/trivy
589002ba0eae: Already exists
bd497c3c7308: Pulling fs layer
77ddeac46eeb: Pulling fs layer
fcdcff3e8f06: Pulling fs layer
bd497c3c7308: Verifying Checksum
bd497c3c7308: Download complete
fcdcff3e8f06: Verifying Checksum
fcdcff3e8f06: Download complete
77ddeac46eeb: Download complete
bd497c3c7308: Pull complete
77ddeac46eeb: Pull complete
fcdcff3e8f06: Pull complete
Digest: sha256:be1190afcb28352bfddc4ddeb71470835d16462af68d310f9f4bca710961a41e
Status: Downloaded newer image for ghcr.io/aquasecurity/trivy:latest
2026-04-27T17:09:23Z	INFO	[vulndb] Need to update DB
2026-04-27T17:09:23Z	INFO	[vulndb] Downloading vulnerability DB...
2026-04-27T17:09:23Z	INFO	[vulndb] Downloading artifact...	repo="mirror.gcr.io/aquasec/trivy-db:2"
12.36 MiB / 91.50 MiB [-------->____________________________________________________] 13.51% ? p/s ?43.70 MiB / 91.50 MiB [----------------------------->_______________________________] 47.76% ? p/s ?56.00 MiB / 91.50 MiB [------------------------------------->_______________________] 61.20% ? p/s ?68.00 MiB / 91.50 MiB [----------------------------------->____________] 74.32% 92.74 MiB p/s ETA 0s91.50 MiB / 91.50 MiB [---------------------------------------------->] 100.00% 92.74 MiB p/s ETA 0s91.50 MiB / 91.50 MiB [---------------------------------------------->] 100.00% 92.74 MiB p/s ETA 0s91.50 MiB / 91.50 MiB [---------------------------------------------->] 100.00% 89.28 MiB p/s ETA 0s91.50 MiB / 91.50 MiB [---------------------------------------------->] 100.00% 89.28 MiB p/s ETA 0s91.50 MiB / 91.50 MiB [---------------------------------------------->] 100.00% 89.28 MiB p/s ETA 0s91.50 MiB / 91.50 MiB [---------------------------------------------->] 100.00% 83.52 MiB p/s ETA 0s91.50 MiB / 91.50 MiB [---------------------------------------------->] 100.00% 83.52 MiB p/s ETA 0s91.50 MiB / 91.50 MiB [---------------------------------------------->] 100.00% 83.52 MiB p/s ETA 0s91.50 MiB / 91.50 MiB [---------------------------------------------->] 100.00% 78.13 MiB p/s ETA 0s91.50 MiB / 91.50 MiB [---------------------------------------------->] 100.00% 78.13 MiB p/s ETA 0s91.50 MiB / 91.50 MiB [---------------------------------------------->] 100.00% 78.13 MiB p/s ETA 0s91.50 MiB / 91.50 MiB [---------------------------------------------->] 100.00% 73.09 MiB p/s ETA 0s91.50 MiB / 91.50 MiB [-------------------------------------------------] 100.00% 29.76 MiB p/s 3.3s2026-04-27T17:09:28Z	INFO	[vulndb] Artifact successfully downloaded	repo="mirror.gcr.io/aquasec/trivy-db:2"
Version: 0.70.0
  Version: 2
2026-04-27T17:09:33Z	INFO	[vuln] Vulnerability scanning is enabled
2026-04-27T17:09:33Z	INFO	[secret] Secret scanning is enabled
2026-04-27T17:09:33Z	INFO	[secret] If your scanning is slow, please try '--scanners vuln' to disable secret scanning
2026-04-27T17:09:33Z	INFO	[secret] Please see https://trivy.dev/docs/v0.70/guide/scanner/secret#recommendation for faster secret detection
2026-04-27T17:09:33Z	WARN	[conda] Unable to detect the dependency versions from `environment.yml` as those versions are not pinned. Use `conda env export` to pin versions.
2026-04-27T17:09:33Z	WARN	[conda] Unable to detect the dependency versions from `environment.yml` as those versions are not pinned. Use `conda env export` to pin versions.
2026-04-27T17:09:33Z	WARN	[conda] Unable to detect the dependency versions from `environment.yml` as those versions are not pinned. Use `conda env export` to pin versions.
2026-04-27T17:09:33Z	INFO	[npm] To collect the license information of packages, "npm install" needs to be performed beforehand	dir="node_modules"
2026-04-27T17:09:33Z	INFO	Suppressing dependencies for development and testing. To display them, try the '--include-dev-deps' flag.
2026-04-27T17:09:33Z	INFO	Number of language-specific files	num=4
2026-04-27T17:09:33Z	INFO	[conda-environment] Detecting vulnerabilities...
2026-04-27T17:09:33Z	WARN	Conda package is supported for SBOM, not for vulnerability scanning
2026-04-27T17:09:33Z	WARN	Conda package is supported for SBOM, not for vulnerability scanning
2026-04-27T17:09:33Z	WARN	Conda package is supported for SBOM, not for vulnerability scanning
2026-04-27T17:09:33Z	INFO	[npm] Detecting vulnerabilities...
Version: 0.70.0
  Version: 2
Error response from daemon: pull access denied for dhi/caddy, repository does not exist or may require 'docker login': denied: requested access to the resource is denied
