Unable to find image 'ghcr.io/aquasecurity/trivy:latest' locally
latest: Pulling from aquasecurity/trivy
589002ba0eae: Already exists
bd497c3c7308: Pulling fs layer
77ddeac46eeb: Pulling fs layer
fcdcff3e8f06: Pulling fs layer
fcdcff3e8f06: Verifying Checksum
fcdcff3e8f06: Download complete
bd497c3c7308: Verifying Checksum
bd497c3c7308: Download complete
77ddeac46eeb: Verifying Checksum
77ddeac46eeb: Download complete
bd497c3c7308: Pull complete
77ddeac46eeb: Pull complete
fcdcff3e8f06: Pull complete
Digest: sha256:be1190afcb28352bfddc4ddeb71470835d16462af68d310f9f4bca710961a41e
Status: Downloaded newer image for ghcr.io/aquasecurity/trivy:latest
2026-04-29T17:19:31Z	INFO	[vulndb] Need to update DB
2026-04-29T17:19:31Z	INFO	[vulndb] Downloading vulnerability DB...
2026-04-29T17:19:31Z	INFO	[vulndb] Downloading artifact...	repo="mirror.gcr.io/aquasec/trivy-db:2"
6.08 MiB / 91.51 MiB [---->__________________________________________________________] 6.64% ? p/s ?14.29 MiB / 91.51 MiB [--------->___________________________________________________] 15.61% ? p/s ?17.68 MiB / 91.51 MiB [----------->_________________________________________________] 19.32% ? p/s ?27.20 MiB / 91.51 MiB [-------------->_________________________________] 29.72% 35.21 MiB p/s ETA 1s37.81 MiB / 91.51 MiB [------------------->____________________________] 41.32% 35.21 MiB p/s ETA 1s52.14 MiB / 91.51 MiB [--------------------------->____________________] 56.98% 35.21 MiB p/s ETA 1s61.62 MiB / 91.51 MiB [-------------------------------->_______________] 67.33% 36.64 MiB p/s ETA 0s73.56 MiB / 91.51 MiB [-------------------------------------->_________] 80.38% 36.64 MiB p/s ETA 0s75.87 MiB / 91.51 MiB [--------------------------------------->________] 82.91% 36.64 MiB p/s ETA 0s83.07 MiB / 91.51 MiB [------------------------------------------->____] 90.78% 36.58 MiB p/s ETA 0s90.34 MiB / 91.51 MiB [----------------------------------------------->] 98.71% 36.58 MiB p/s ETA 0s91.51 MiB / 91.51 MiB [---------------------------------------------->] 100.00% 36.58 MiB p/s ETA 0s91.51 MiB / 91.51 MiB [---------------------------------------------->] 100.00% 35.13 MiB p/s ETA 0s91.51 MiB / 91.51 MiB [---------------------------------------------->] 100.00% 35.13 MiB p/s ETA 0s91.51 MiB / 91.51 MiB [---------------------------------------------->] 100.00% 35.13 MiB p/s ETA 0s91.51 MiB / 91.51 MiB [---------------------------------------------->] 100.00% 32.86 MiB p/s ETA 0s91.51 MiB / 91.51 MiB [---------------------------------------------->] 100.00% 32.86 MiB p/s ETA 0s91.51 MiB / 91.51 MiB [---------------------------------------------->] 100.00% 32.86 MiB p/s ETA 0s91.51 MiB / 91.51 MiB [---------------------------------------------->] 100.00% 30.74 MiB p/s ETA 0s91.51 MiB / 91.51 MiB [---------------------------------------------->] 100.00% 30.74 MiB p/s ETA 0s91.51 MiB / 91.51 MiB [---------------------------------------------->] 100.00% 30.74 MiB p/s ETA 0s91.51 MiB / 91.51 MiB [---------------------------------------------->] 100.00% 28.76 MiB p/s ETA 0s91.51 MiB / 91.51 MiB [---------------------------------------------->] 100.00% 28.76 MiB p/s ETA 0s91.51 MiB / 91.51 MiB [---------------------------------------------->] 100.00% 28.76 MiB p/s ETA 0s91.51 MiB / 91.51 MiB [-------------------------------------------------] 100.00% 19.40 MiB p/s 4.9s2026-04-29T17:19:37Z	INFO	[vulndb] Artifact successfully downloaded	repo="mirror.gcr.io/aquasec/trivy-db:2"
Version: 0.70.0
  Version: 2
2026-04-29T17:19:41Z	INFO	[vuln] Vulnerability scanning is enabled
2026-04-29T17:19:41Z	INFO	[secret] Secret scanning is enabled
2026-04-29T17:19:41Z	INFO	[secret] If your scanning is slow, please try '--scanners vuln' to disable secret scanning
2026-04-29T17:19:41Z	INFO	[secret] Please see https://trivy.dev/docs/v0.70/guide/scanner/secret#recommendation for faster secret detection
2026-04-29T17:19:42Z	WARN	[pip] Unable to find python `site-packages` directory. License detection is skipped.	err="unable to find path to Python executable"
2026-04-29T17:19:42Z	INFO	Number of language-specific files	num=0
Version: 0.70.0
  Version: 2
Error response from daemon: pull access denied for dhi/caddy, repository does not exist or may require 'docker login': denied: requested access to the resource is denied
