Unable to find image 'noqcks/xeol:latest' locally
latest: Pulling from noqcks/xeol
43c4264eed91: Pulling fs layer
33e96528e2c3: Pulling fs layer
4f4fb700ef54: Pulling fs layer
33162d1e4c82: Pulling fs layer
33162d1e4c82: Waiting
4f4fb700ef54: Verifying Checksum
4f4fb700ef54: Download complete
33e96528e2c3: Verifying Checksum
33e96528e2c3: Download complete
43c4264eed91: Verifying Checksum
43c4264eed91: Download complete
43c4264eed91: Pull complete
33e96528e2c3: Pull complete
4f4fb700ef54: Pull complete
33162d1e4c82: Verifying Checksum
33162d1e4c82: Download complete
33162d1e4c82: Pull complete
Digest: sha256:0dd804655cbafba5266de3294e833daf2039404562a8e238f9f45e80adda3764
Status: Downloaded newer image for noqcks/xeol:latest
EOL database updated to latest version!
Location:  /root/.cache/xeol/db/1
Built:     2026-04-30 00:00:45.793822 +0000 UTC
Schema:    1
Checksum:  sha256:331143cd8ca5485d49c53ba87aac55a1a40fcfe958db18fdb45809767f312b25
Status:    valid
dir scan (/home/runner/work/iris/iris/target-repo): 0 EOL components
