Grype scan started: 23-45-54
Target: /home/runner/work/midas/midas/epyon/sbom
Unable to find image 'anchore/grype:latest' locally
latest: Pulling from anchore/grype
6c2fe4949765: Pulling fs layer
9d165179ec88: Pulling fs layer
d5114c175794: Pulling fs layer
9d165179ec88: Verifying Checksum
9d165179ec88: Download complete
6c2fe4949765: Verifying Checksum
6c2fe4949765: Download complete
6c2fe4949765: Pull complete
9d165179ec88: Pull complete
d5114c175794: Verifying Checksum
d5114c175794: Download complete
d5114c175794: Pull complete
Digest: sha256:3c1cd2ff38196e753751fb1619b3b6787a6e3e79149f2a2aec57946d2c154cd2
Status: Downloaded newer image for anchore/grype:latest
Vulnerability database updated to latest version!
Path:      /cache/6/vulnerability.db
Schema:    v6.1.4
Built:     2026-04-28T07:17:42Z
From:      https://grype.anchore.io/databases/v6/vulnerability-db_v6.1.4_2026-04-27T08:59:18Z_1777360662.tar.zst?checksum=sha256%3A0a48647b7ac49772836147a2e1eedb50e3c966ac4544e5cf518a8a68f0212781
Status:    valid
SBOM scan: 3 vulnerabilities
