Unable to find image 'ghcr.io/aquasecurity/trivy:latest' locally
latest: Pulling from aquasecurity/trivy
589002ba0eae: Already exists
bd497c3c7308: Pulling fs layer
77ddeac46eeb: Pulling fs layer
fcdcff3e8f06: Pulling fs layer
fcdcff3e8f06: Verifying Checksum
fcdcff3e8f06: Download complete
bd497c3c7308: Download complete
77ddeac46eeb: Verifying Checksum
77ddeac46eeb: Download complete
bd497c3c7308: Pull complete
77ddeac46eeb: Pull complete
fcdcff3e8f06: Pull complete
Digest: sha256:be1190afcb28352bfddc4ddeb71470835d16462af68d310f9f4bca710961a41e
Status: Downloaded newer image for ghcr.io/aquasecurity/trivy:latest
2026-04-24T21:52:53Z	INFO	[vulndb] Need to update DB
2026-04-24T21:52:53Z	INFO	[vulndb] Downloading vulnerability DB...
2026-04-24T21:52:53Z	INFO	[vulndb] Downloading artifact...	repo="mirror.gcr.io/aquasec/trivy-db:2"
703.18 KiB / 91.22 MiB [>____________________________________________________________] 0.75% ? p/s ?5.47 MiB / 91.22 MiB [--->___________________________________________________________] 5.99% ? p/s ?23.14 MiB / 91.22 MiB [--------------->_____________________________________________] 25.37% ? p/s ?44.95 MiB / 91.22 MiB [----------------------->________________________] 49.27% 73.76 MiB p/s ETA 0s66.07 MiB / 91.22 MiB [---------------------------------->_____________] 72.43% 73.76 MiB p/s ETA 0s87.18 MiB / 91.22 MiB [--------------------------------------------->__] 95.57% 73.76 MiB p/s ETA 0s91.22 MiB / 91.22 MiB [---------------------------------------------->] 100.00% 73.97 MiB p/s ETA 0s91.22 MiB / 91.22 MiB [---------------------------------------------->] 100.00% 73.97 MiB p/s ETA 0s91.22 MiB / 91.22 MiB [---------------------------------------------->] 100.00% 73.97 MiB p/s ETA 0s91.22 MiB / 91.22 MiB [---------------------------------------------->] 100.00% 69.20 MiB p/s ETA 0s91.22 MiB / 91.22 MiB [---------------------------------------------->] 100.00% 69.20 MiB p/s ETA 0s91.22 MiB / 91.22 MiB [---------------------------------------------->] 100.00% 69.20 MiB p/s ETA 0s91.22 MiB / 91.22 MiB [---------------------------------------------->] 100.00% 64.73 MiB p/s ETA 0s91.22 MiB / 91.22 MiB [---------------------------------------------->] 100.00% 64.73 MiB p/s ETA 0s91.22 MiB / 91.22 MiB [---------------------------------------------->] 100.00% 64.73 MiB p/s ETA 0s91.22 MiB / 91.22 MiB [---------------------------------------------->] 100.00% 60.56 MiB p/s ETA 0s91.22 MiB / 91.22 MiB [---------------------------------------------->] 100.00% 60.56 MiB p/s ETA 0s91.22 MiB / 91.22 MiB [---------------------------------------------->] 100.00% 60.56 MiB p/s ETA 0s91.22 MiB / 91.22 MiB [-------------------------------------------------] 100.00% 25.34 MiB p/s 3.8s2026-04-24T21:52:59Z	INFO	[vulndb] Artifact successfully downloaded	repo="mirror.gcr.io/aquasec/trivy-db:2"
Version: 0.70.0
  Version: 2
2026-04-24T21:53:04Z	INFO	[vuln] Vulnerability scanning is enabled
2026-04-24T21:53:04Z	INFO	[secret] Secret scanning is enabled
2026-04-24T21:53:04Z	INFO	[secret] If your scanning is slow, please try '--scanners vuln' to disable secret scanning
2026-04-24T21:53:04Z	INFO	[secret] Please see https://trivy.dev/docs/v0.70/guide/scanner/secret#recommendation for faster secret detection
2026-04-24T21:53:05Z	WARN	[pip] Unable to find python `site-packages` directory. License detection is skipped.	err="unable to find path to Python executable"
2026-04-24T21:53:05Z	INFO	Number of language-specific files	num=0
Version: 0.70.0
  Version: 2
Error response from daemon: pull access denied for dhi/caddy, repository does not exist or may require 'docker login': denied: requested access to the resource is denied
