Unable to find image 'noqcks/xeol:latest' locally
latest: Pulling from noqcks/xeol
43c4264eed91: Pulling fs layer
33e96528e2c3: Pulling fs layer
4f4fb700ef54: Pulling fs layer
33162d1e4c82: Pulling fs layer
33162d1e4c82: Waiting
4f4fb700ef54: Verifying Checksum
4f4fb700ef54: Download complete
33e96528e2c3: Verifying Checksum
33e96528e2c3: Download complete
43c4264eed91: Verifying Checksum
43c4264eed91: Download complete
43c4264eed91: Pull complete
33162d1e4c82: Verifying Checksum
33162d1e4c82: Download complete
33e96528e2c3: Pull complete
4f4fb700ef54: Pull complete
33162d1e4c82: Pull complete
Digest: sha256:0dd804655cbafba5266de3294e833daf2039404562a8e238f9f45e80adda3764
Status: Downloaded newer image for noqcks/xeol:latest
EOL database updated to latest version!
Location:  /root/.cache/xeol/db/1
Built:     2026-04-28 00:00:45.468065 +0000 UTC
Schema:    1
Checksum:  sha256:dae6d90dda11ce3763fdc526d8d216ee8657698ce0ad28745c677056bc490144
Status:    valid
dir scan (/home/runner/work/midas/midas/target-repo): 0 EOL components
