TruffleHog scan started: 17-43-50
Target: /home/runner/work/midas/midas/target-repo
Unable to find image 'trufflesecurity/trufflehog:latest' locally
latest: Pulling from trufflesecurity/trufflehog
84f5eff04246: Pulling fs layer
b24395adef0b: Pulling fs layer
4f4fb700ef54: Pulling fs layer
93e46a3cdd34: Pulling fs layer
b32d237f586d: Pulling fs layer
93e46a3cdd34: Waiting
b32d237f586d: Waiting
4f4fb700ef54: Verifying Checksum
4f4fb700ef54: Download complete
84f5eff04246: Verifying Checksum
84f5eff04246: Download complete
b24395adef0b: Verifying Checksum
b24395adef0b: Download complete
b32d237f586d: Verifying Checksum
b32d237f586d: Download complete
84f5eff04246: Pull complete
93e46a3cdd34: Verifying Checksum
93e46a3cdd34: Download complete
b24395adef0b: Pull complete
4f4fb700ef54: Pull complete
93e46a3cdd34: Pull complete
b32d237f586d: Pull complete
Digest: sha256:49d1c4fbbc580aac487ac7cb0517bb085826bd352d7578d62bb4c0c6b7205075
Status: Downloaded newer image for trufflesecurity/trufflehog:latest
{"level":"info-0","ts":"2026-04-28T17:43:59Z","logger":"trufflehog","msg":"running source","source_manager_worker_id":"arV8h","with_units":true}
{"level":"info-0","ts":"2026-04-28T17:43:59Z","logger":"trufflehog","msg":"finished scanning","chunks":1194,"bytes":9121614,"verified_secrets":0,"unverified_secrets":0,"scan_duration":"592.096451ms","trufflehog_version":"3.95.2","verification_caching":{"Hits":0,"Misses":0,"HitsWasted":0,"AttemptsSaved":0,"VerificationTimeSpentMS":0}}
filesystem scan: 0
0 items
