[2026-04-28 03:30:52] ═══════════════════════════════════════════════════════════
[2026-04-28 03:30:52] Starting Anchore vulnerability scan
[2026-04-28 03:30:52] ═══════════════════════════════════════════════════════════
[2026-04-28 03:30:52] Target: /home/runner/work/iris/iris/target-repo
[2026-04-28 03:30:52] Scan ID: iris_2026-04-28_03-17-26
[2026-04-28 03:30:52] Output Directory: /home/runner/work/iris/iris/epyon/scans/iris_2026-04-28_03-17-26/anchore
[2026-04-28 03:30:52] Scan Mode: all
[2026-04-28 03:30:52] ═══════════════════════════════════════════════════════════
[2026-04-28 03:30:52] ✅ Docker is available
[2026-04-28 03:30:52] 
[2026-04-28 03:30:52] 
[2026-04-28 03:30:52] ━━━━━━━━━━━━━━━━━━━━━━━━━━━━━━━━━━━━━━━━━━━━━━━━━━━━━
[2026-04-28 03:30:52] ━━━━━━━━━━━━━━━━━━━━━━━━━━━━━━━━━━━━━━━━━━━━━━━━━━━━━
[2026-04-28 03:30:52] 🔍 Scanning Filesystem with Anchore
[2026-04-28 03:30:52] 📦 Scanning SBOM with Anchore
[2026-04-28 03:30:52] ━━━━━━━━━━━━━━━━━━━━━━━━━━━━━━━━━━━━━━━━━━━━━━━━━━━━━
[2026-04-28 03:30:52] ━━━━━━━━━━━━━━━━━━━━━━━━━━━━━━━━━━━━━━━━━━━━━━━━━━━━━
[2026-04-28 03:30:52] ℹ Scanning directory: /home/runner/work/iris/iris/target-repo
[2026-04-28 03:30:52] ℹ Found existing SBOM: filesystem.json (from Grype/Syft)
[2026-04-28 03:30:52] ℹ This may take several minutes for large repositories...
[2026-04-28 03:30:52] ℹ Scanning SBOM for vulnerabilities: filesystem.json
[0000]  WARN no explicit name and version provided for directory source, deriving artifact ID from the given path (which is not ideal) from=syft
[2026-04-28 03:31:55] ✅ SBOM scan complete: 1 vulnerabilities found
[2026-04-28 03:31:55] ✅ Filesystem scan complete: 1 vulnerabilities found
[2026-04-28 03:31:55]   • Critical: 0
[2026-04-28 03:31:55]   • High: 0
[2026-04-28 03:31:55]   • Medium: 1
[2026-04-28 03:31:55]   • Low: 0
[2026-04-28 03:31:55] 
[2026-04-28 03:31:55] ━━━━━━━━━━━━━━━━━━━━━━━━━━━━━━━━━━━━━━━━━━━━━━━━━━━━━
[2026-04-28 03:31:55] 🐳 Scanning Container Images with Anchore
[2026-04-28 03:31:55] ━━━━━━━━━━━━━━━━━━━━━━━━━━━━━━━━━━━━━━━━━━━━━━━━━━━━━
[2026-04-28 03:31:55] ℹ ANCHORE_SKIP_BUILD=true — skipping docker compose build, will pull images from registry
[2026-04-28 03:31:55] ℹ Found compose file: /home/runner/work/iris/iris/target-repo/docker-compose.dev.yml
[2026-04-28 03:31:55] ℹ Found compose file: /home/runner/work/iris/iris/target-repo/docker-compose.yml
[2026-04-28 03:31:55] ℹ Found compose file: /home/runner/work/iris/iris/target-repo/pointcloud-project/docker-compose.yml
[2026-04-28 03:31:55] ℹ Found compose file: /home/runner/work/iris/iris/target-repo/docker-compose.prod.yml
[2026-04-28 03:31:55] ℹ Found compose file: /home/runner/work/iris/iris/target-repo/docker-compose.lambda.yml
[2026-04-28 03:31:55] ℹ Found 6 image(s) to scan
[2026-04-28 03:31:55] ℹ Scanning image: postgres:15-alpine
[2026-04-28 03:31:55]   ℹ Image not found locally, attempting to pull: postgres:15-alpine
15-alpine: Pulling from library/postgres
6a0ac1617861: Already exists
fae1993563ec: Pulling fs layer
013d59842ad1: Pulling fs layer
9bf7646f4ff5: Pulling fs layer
459be1018dcb: Pulling fs layer
697a7e77ac2e: Pulling fs layer
cb0bf5bcb56f: Pulling fs layer
37a63010ee4d: Pulling fs layer
5206f96f8a8d: Pulling fs layer
523b9d9d6254: Pulling fs layer
ba2769f58dd8: Pulling fs layer
459be1018dcb: Waiting
697a7e77ac2e: Waiting
cb0bf5bcb56f: Waiting
37a63010ee4d: Waiting
5206f96f8a8d: Waiting
523b9d9d6254: Waiting
ba2769f58dd8: Waiting
fae1993563ec: Verifying Checksum
fae1993563ec: Download complete
9bf7646f4ff5: Verifying Checksum
9bf7646f4ff5: Download complete
fae1993563ec: Pull complete
013d59842ad1: Verifying Checksum
013d59842ad1: Download complete
013d59842ad1: Pull complete
459be1018dcb: Verifying Checksum
459be1018dcb: Download complete
9bf7646f4ff5: Pull complete
459be1018dcb: Pull complete
cb0bf5bcb56f: Download complete
37a63010ee4d: Verifying Checksum
37a63010ee4d: Download complete
5206f96f8a8d: Verifying Checksum
5206f96f8a8d: Download complete
523b9d9d6254: Verifying Checksum
523b9d9d6254: Download complete
ba2769f58dd8: Verifying Checksum
ba2769f58dd8: Download complete
697a7e77ac2e: Download complete
697a7e77ac2e: Pull complete
cb0bf5bcb56f: Pull complete
37a63010ee4d: Pull complete
5206f96f8a8d: Pull complete
523b9d9d6254: Pull complete
ba2769f58dd8: Pull complete
Digest: sha256:09e4f20b14ddb3dfe3a0c825b206032aaf8f28300ba2070c0b60fc1c10c6abc7
Status: Downloaded newer image for postgres:15-alpine
docker.io/library/postgres:15-alpine
[2026-04-28 03:32:00]   ✅ Image pulled successfully: postgres:15-alpine
[2026-04-28 03:32:39]   ✅ Scan complete: 33 vulnerabilities
[2026-04-28 03:32:39]   🧹 Removing image to free disk space: postgres:15-alpine
Untagged: postgres:15-alpine
Untagged: postgres@sha256:09e4f20b14ddb3dfe3a0c825b206032aaf8f28300ba2070c0b60fc1c10c6abc7
Deleted: sha256:c1dd58d6cec8e67cb85b2c8fd200fa870697269c5024e59627095326a8254ae2
Deleted: sha256:8b0997e7587ca5441598f5a373c01c6a0a98d33bfcf8dad728becc0b44522ac1
Deleted: sha256:894524f25d678217c21eedc8273f45e433f4762027ac5bd4ead8e6934503ada2
Deleted: sha256:78eab4b8b80ab4b28a160c733368a779694ecc23b71656c1795987581cea40b1
Deleted: sha256:d235b899c2556e18966cc3d00b13e14b379ae8cc1c51840f4f130982585e112a
Deleted: sha256:eef5a5bac994241f4532321ad492202f7ceb7f4c5136d72494dea57371431b32
Deleted: sha256:a1cae3c5cd6ce00e54baaa2c7ac7a58b4ce9a882b24255cc0a683fa64a0781b5
Deleted: sha256:ff643459a22276be8d489a79898ba67b1b5f122e193ca58e128b2be6bbe683f3
Deleted: sha256:7341793ae10ca51bf3c42757acc241faa69c4d7b3d99b40b2e5bf9359673f82d
Deleted: sha256:430cecfcc6c726d98261bc7d0689b6c7c3e57cce0cc4c9b0236fdbc83d3702ac
Deleted: sha256:a4fd7b961ac1804f709e383ef460dab3a8f9bf1cf1058a63d0773a0eb56647cc
[2026-04-28 03:32:39] ℹ Scanning image: quay.io/keycloak/keycloak:23.0
[2026-04-28 03:32:39]   ℹ Image not found locally, attempting to pull: quay.io/keycloak/keycloak:23.0
23.0: Pulling from keycloak/keycloak
ea29d36b883e: Pulling fs layer
a9bb58c3bdd8: Pulling fs layer
393f8747e4b4: Pulling fs layer
20b69ee379c9: Pulling fs layer
20b69ee379c9: Waiting
ea29d36b883e: Verifying Checksum
ea29d36b883e: Download complete
20b69ee379c9: Verifying Checksum
20b69ee379c9: Download complete
a9bb58c3bdd8: Verifying Checksum
a9bb58c3bdd8: Download complete
ea29d36b883e: Pull complete
393f8747e4b4: Verifying Checksum
393f8747e4b4: Download complete
a9bb58c3bdd8: Pull complete
393f8747e4b4: Pull complete
20b69ee379c9: Pull complete
Digest: sha256:14e99d6f5dd0516a5bdc82537b732cb85469ecdb15ad7fe5f11ff67521544db8
Status: Downloaded newer image for quay.io/keycloak/keycloak:23.0
quay.io/keycloak/keycloak:23.0
[2026-04-28 03:32:47]   ✅ Image pulled successfully: quay.io/keycloak/keycloak:23.0
[2026-04-28 03:33:28]   ✅ Scan complete: 274 vulnerabilities
[2026-04-28 03:33:28]   🧹 Removing image to free disk space: quay.io/keycloak/keycloak:23.0
Untagged: quay.io/keycloak/keycloak:23.0
Untagged: quay.io/keycloak/keycloak@sha256:14e99d6f5dd0516a5bdc82537b732cb85469ecdb15ad7fe5f11ff67521544db8
Deleted: sha256:4e894b882ca1fce02c233bf048fff76cd7aee448bde1127375218c26d11a0521
Deleted: sha256:a9f4cda068ee2a85bba409405251ac937a76ac423f04a34954a8a13047793969
Deleted: sha256:6a5548c89b0c7b8ed0f5b0fed98156cc1e8a99dda1debf4f9b8d228c9b52ca4f
Deleted: sha256:794de616ac49fa7b732979485c53a575dcd985cf9b18a9394ab75d85060e2168
Deleted: sha256:684d2fbd7d95d24f83723ca374647249d8ca114d683f01963858f6f460226990
[2026-04-28 03:33:28] ℹ Scanning image: qdrant/qdrant:v1.17.1
[2026-04-28 03:33:28]   ℹ Image not found locally, attempting to pull: qdrant/qdrant:v1.17.1
v1.17.1: Pulling from qdrant/qdrant
ec781dee3f47: Pulling fs layer
4f4fb700ef54: Pulling fs layer
ecadb5c5abda: Pulling fs layer
46d6a2dfacae: Pulling fs layer
37d19898a8e4: Pulling fs layer
4b01f989bd9b: Pulling fs layer
be9ea85b506c: Pulling fs layer
e7b33762354c: Pulling fs layer
46d6a2dfacae: Waiting
37d19898a8e4: Waiting
4b01f989bd9b: Waiting
be9ea85b506c: Waiting
e7b33762354c: Waiting
4f4fb700ef54: Verifying Checksum
4f4fb700ef54: Download complete
ecadb5c5abda: Download complete
37d19898a8e4: Verifying Checksum
37d19898a8e4: Download complete
ec781dee3f47: Download complete
4b01f989bd9b: Verifying Checksum
4b01f989bd9b: Download complete
46d6a2dfacae: Verifying Checksum
46d6a2dfacae: Download complete
be9ea85b506c: Verifying Checksum
be9ea85b506c: Download complete
e7b33762354c: Verifying Checksum
e7b33762354c: Download complete
ec781dee3f47: Pull complete
4f4fb700ef54: Pull complete
ecadb5c5abda: Pull complete
46d6a2dfacae: Pull complete
37d19898a8e4: Pull complete
4b01f989bd9b: Pull complete
be9ea85b506c: Pull complete
e7b33762354c: Pull complete
Digest: sha256:94728574965d17c6485dd361aa3c0818b325b9016dac5ea6afec7b4b2700865f
Status: Downloaded newer image for qdrant/qdrant:v1.17.1
docker.io/qdrant/qdrant:v1.17.1
[2026-04-28 03:33:32]   ✅ Image pulled successfully: qdrant/qdrant:v1.17.1
[2026-04-28 03:34:08]   ✅ Scan complete: 122 vulnerabilities
[2026-04-28 03:34:08]   🧹 Removing image to free disk space: qdrant/qdrant:v1.17.1
Untagged: qdrant/qdrant:v1.17.1
Untagged: qdrant/qdrant@sha256:94728574965d17c6485dd361aa3c0818b325b9016dac5ea6afec7b4b2700865f
Deleted: sha256:e0f50bf8ac92fa03a35e0ca9539fbb038676fad1fd232fb3471c07951e2e7ef5
[2026-04-28 03:34:09] ℹ Scanning image: postgres:15-alpine
[2026-04-28 03:34:09]   ℹ Image not found locally, attempting to pull: postgres:15-alpine
15-alpine: Pulling from library/postgres
6a0ac1617861: Already exists
fae1993563ec: Pulling fs layer
013d59842ad1: Pulling fs layer
9bf7646f4ff5: Pulling fs layer
459be1018dcb: Pulling fs layer
697a7e77ac2e: Pulling fs layer
cb0bf5bcb56f: Pulling fs layer
37a63010ee4d: Pulling fs layer
5206f96f8a8d: Pulling fs layer
523b9d9d6254: Pulling fs layer
ba2769f58dd8: Pulling fs layer
cb0bf5bcb56f: Waiting
37a63010ee4d: Waiting
5206f96f8a8d: Waiting
523b9d9d6254: Waiting
ba2769f58dd8: Waiting
459be1018dcb: Waiting
697a7e77ac2e: Waiting
9bf7646f4ff5: Verifying Checksum
9bf7646f4ff5: Download complete
fae1993563ec: Verifying Checksum
fae1993563ec: Download complete
fae1993563ec: Pull complete
013d59842ad1: Verifying Checksum
013d59842ad1: Download complete
459be1018dcb: Verifying Checksum
459be1018dcb: Download complete
013d59842ad1: Pull complete
9bf7646f4ff5: Pull complete
459be1018dcb: Pull complete
cb0bf5bcb56f: Verifying Checksum
cb0bf5bcb56f: Download complete
37a63010ee4d: Verifying Checksum
37a63010ee4d: Download complete
5206f96f8a8d: Verifying Checksum
5206f96f8a8d: Download complete
523b9d9d6254: Verifying Checksum
523b9d9d6254: Download complete
ba2769f58dd8: Verifying Checksum
ba2769f58dd8: Download complete
697a7e77ac2e: Download complete
697a7e77ac2e: Pull complete
cb0bf5bcb56f: Pull complete
37a63010ee4d: Pull complete
5206f96f8a8d: Pull complete
523b9d9d6254: Pull complete
ba2769f58dd8: Pull complete
Digest: sha256:09e4f20b14ddb3dfe3a0c825b206032aaf8f28300ba2070c0b60fc1c10c6abc7
Status: Downloaded newer image for postgres:15-alpine
docker.io/library/postgres:15-alpine
[2026-04-28 03:34:14]   ✅ Image pulled successfully: postgres:15-alpine
[2026-04-28 03:34:53]   ✅ Scan complete: 33 vulnerabilities
[2026-04-28 03:34:53]   🧹 Removing image to free disk space: postgres:15-alpine
Untagged: postgres:15-alpine
Untagged: postgres@sha256:09e4f20b14ddb3dfe3a0c825b206032aaf8f28300ba2070c0b60fc1c10c6abc7
Deleted: sha256:c1dd58d6cec8e67cb85b2c8fd200fa870697269c5024e59627095326a8254ae2
Deleted: sha256:8b0997e7587ca5441598f5a373c01c6a0a98d33bfcf8dad728becc0b44522ac1
Deleted: sha256:894524f25d678217c21eedc8273f45e433f4762027ac5bd4ead8e6934503ada2
Deleted: sha256:78eab4b8b80ab4b28a160c733368a779694ecc23b71656c1795987581cea40b1
Deleted: sha256:d235b899c2556e18966cc3d00b13e14b379ae8cc1c51840f4f130982585e112a
Deleted: sha256:eef5a5bac994241f4532321ad492202f7ceb7f4c5136d72494dea57371431b32
Deleted: sha256:a1cae3c5cd6ce00e54baaa2c7ac7a58b4ce9a882b24255cc0a683fa64a0781b5
Deleted: sha256:ff643459a22276be8d489a79898ba67b1b5f122e193ca58e128b2be6bbe683f3
Deleted: sha256:7341793ae10ca51bf3c42757acc241faa69c4d7b3d99b40b2e5bf9359673f82d
Deleted: sha256:430cecfcc6c726d98261bc7d0689b6c7c3e57cce0cc4c9b0236fdbc83d3702ac
Deleted: sha256:a4fd7b961ac1804f709e383ef460dab3a8f9bf1cf1058a63d0773a0eb56647cc
[2026-04-28 03:34:53] ℹ Scanning image: quay.io/keycloak/keycloak:23.0
[2026-04-28 03:34:53]   ℹ Image not found locally, attempting to pull: quay.io/keycloak/keycloak:23.0
23.0: Pulling from keycloak/keycloak
ea29d36b883e: Pulling fs layer
a9bb58c3bdd8: Pulling fs layer
393f8747e4b4: Pulling fs layer
20b69ee379c9: Pulling fs layer
20b69ee379c9: Waiting
ea29d36b883e: Verifying Checksum
ea29d36b883e: Download complete
20b69ee379c9: Verifying Checksum
20b69ee379c9: Download complete
a9bb58c3bdd8: Verifying Checksum
a9bb58c3bdd8: Download complete
ea29d36b883e: Pull complete
393f8747e4b4: Verifying Checksum
393f8747e4b4: Download complete
a9bb58c3bdd8: Pull complete
393f8747e4b4: Pull complete
20b69ee379c9: Pull complete
Digest: sha256:14e99d6f5dd0516a5bdc82537b732cb85469ecdb15ad7fe5f11ff67521544db8
Status: Downloaded newer image for quay.io/keycloak/keycloak:23.0
quay.io/keycloak/keycloak:23.0
[2026-04-28 03:35:00]   ✅ Image pulled successfully: quay.io/keycloak/keycloak:23.0
[2026-04-28 03:35:42]   ✅ Scan complete: 274 vulnerabilities
[2026-04-28 03:35:42]   🧹 Removing image to free disk space: quay.io/keycloak/keycloak:23.0
Untagged: quay.io/keycloak/keycloak:23.0
Untagged: quay.io/keycloak/keycloak@sha256:14e99d6f5dd0516a5bdc82537b732cb85469ecdb15ad7fe5f11ff67521544db8
Deleted: sha256:4e894b882ca1fce02c233bf048fff76cd7aee448bde1127375218c26d11a0521
Deleted: sha256:a9f4cda068ee2a85bba409405251ac937a76ac423f04a34954a8a13047793969
Deleted: sha256:6a5548c89b0c7b8ed0f5b0fed98156cc1e8a99dda1debf4f9b8d228c9b52ca4f
Deleted: sha256:794de616ac49fa7b732979485c53a575dcd985cf9b18a9394ab75d85060e2168
Deleted: sha256:684d2fbd7d95d24f83723ca374647249d8ca114d683f01963858f6f460226990
[2026-04-28 03:35:42] ℹ Scanning image: qdrant/qdrant:latest
[2026-04-28 03:35:42]   ℹ Image not found locally, attempting to pull: qdrant/qdrant:latest
latest: Pulling from qdrant/qdrant
ec781dee3f47: Already exists
4f4fb700ef54: Already exists
ecadb5c5abda: Already exists
4f4fb700ef54: Already exists
4f4fb700ef54: Already exists
4f4fb700ef54: Already exists
4f4fb700ef54: Already exists
4f4fb700ef54: Already exists
46d6a2dfacae: Already exists
37d19898a8e4: Already exists
4b01f989bd9b: Already exists
be9ea85b506c: Already exists
e7b33762354c: Already exists
4f4fb700ef54: Already exists
Digest: sha256:94728574965d17c6485dd361aa3c0818b325b9016dac5ea6afec7b4b2700865f
Status: Downloaded newer image for qdrant/qdrant:latest
docker.io/qdrant/qdrant:latest
[2026-04-28 03:35:43]   ✅ Image pulled successfully: qdrant/qdrant:latest
[2026-04-28 03:36:20]   ✅ Scan complete: 122 vulnerabilities
[2026-04-28 03:36:20]   🧹 Removing image to free disk space: qdrant/qdrant:latest
Untagged: qdrant/qdrant:latest
Untagged: qdrant/qdrant@sha256:94728574965d17c6485dd361aa3c0818b325b9016dac5ea6afec7b4b2700865f
Deleted: sha256:e0f50bf8ac92fa03a35e0ca9539fbb038676fad1fd232fb3471c07951e2e7ef5
[2026-04-28 03:36:20] ✅ Scanned 6 image(s) successfully
[2026-04-28 03:36:20] 
[2026-04-28 03:36:20] ━━━━━━━━━━━━━━━━━━━━━━━━━━━━━━━━━━━━━━━━━━━━━━━━━━━━━
[2026-04-28 03:36:20] 🏗️  Scanning Approved Base Images with Anchore
[2026-04-28 03:36:20] ━━━━━━━━━━━━━━━━━━━━━━━━━━━━━━━━━━━━━━━━━━━━━━━━━━━━━
[2026-04-28 03:36:20] ℹ Primary baseline image: dhi/caddy:latest
[2026-04-28 03:36:20] ℹ Baseline image not found locally, attempting to pull: dhi/caddy:latest
Error response from daemon: pull access denied for dhi/caddy, repository does not exist or may require 'docker login': denied: requested access to the resource is denied
[2026-04-28 03:36:20] ⚠️  Failed to pull baseline image: dhi/caddy:latest
[2026-04-28 03:36:20] 
[2026-04-28 03:36:20] ━━━━━━━━━━━━━━━━━━━━━━━━━━━━━━━━━━━━━━━━━━━━━━━━━━━━━
[2026-04-28 03:36:20] 📊 Anchore Scan Summary
[2026-04-28 03:36:20] ━━━━━━━━━━━━━━━━━━━━━━━━━━━━━━━━━━━━━━━━━━━━━━━━━━━━━
[2026-04-28 03:36:20] Filesystem: 1 vulnerabilities
[2026-04-28 03:36:20] SBOM: 1 vulnerabilities
[2026-04-28 03:36:20] Images: 4 scanned
[2026-04-28 03:36:20] 
[2026-04-28 03:36:20] Total Vulnerabilities: 553
[2026-04-28 03:36:20] 
[2026-04-28 03:36:20] Results saved to: /home/runner/work/iris/iris/epyon/scans/iris_2026-04-28_03-17-26/anchore
[2026-04-28 03:36:20] ━━━━━━━━━━━━━━━━━━━━━━━━━━━━━━━━━━━━━━━━━━━━━━━━━━━━━
[2026-04-28 03:36:20] ✅ Anchore scan complete!
