Unable to find image 'ghcr.io/aquasecurity/trivy:latest' locally
latest: Pulling from aquasecurity/trivy
589002ba0eae: Already exists
bd497c3c7308: Pulling fs layer
77ddeac46eeb: Pulling fs layer
fcdcff3e8f06: Pulling fs layer
fcdcff3e8f06: Verifying Checksum
fcdcff3e8f06: Download complete
bd497c3c7308: Verifying Checksum
bd497c3c7308: Download complete
77ddeac46eeb: Verifying Checksum
77ddeac46eeb: Download complete
bd497c3c7308: Pull complete
77ddeac46eeb: Pull complete
fcdcff3e8f06: Pull complete
Digest: sha256:be1190afcb28352bfddc4ddeb71470835d16462af68d310f9f4bca710961a41e
Status: Downloaded newer image for ghcr.io/aquasecurity/trivy:latest
2026-04-28T17:48:52Z	INFO	[vulndb] Need to update DB
2026-04-28T17:48:52Z	INFO	[vulndb] Downloading vulnerability DB...
2026-04-28T17:48:52Z	INFO	[vulndb] Downloading artifact...	repo="mirror.gcr.io/aquasec/trivy-db:2"
28.84 MiB / 91.47 MiB [------------------->_________________________________________] 31.53% ? p/s ?50.36 MiB / 91.47 MiB [--------------------------------->___________________________] 55.05% ? p/s ?75.92 MiB / 91.47 MiB [-------------------------------------------------->__________] 83.00% ? p/s ?90.20 MiB / 91.47 MiB [---------------------------------------------->] 98.61% 102.36 MiB p/s ETA 0s91.47 MiB / 91.47 MiB [--------------------------------------------->] 100.00% 102.36 MiB p/s ETA 0s91.47 MiB / 91.47 MiB [--------------------------------------------->] 100.00% 102.36 MiB p/s ETA 0s91.47 MiB / 91.47 MiB [---------------------------------------------->] 100.00% 95.89 MiB p/s ETA 0s91.47 MiB / 91.47 MiB [---------------------------------------------->] 100.00% 95.89 MiB p/s ETA 0s91.47 MiB / 91.47 MiB [---------------------------------------------->] 100.00% 95.89 MiB p/s ETA 0s91.47 MiB / 91.47 MiB [---------------------------------------------->] 100.00% 89.70 MiB p/s ETA 0s91.47 MiB / 91.47 MiB [---------------------------------------------->] 100.00% 89.70 MiB p/s ETA 0s91.47 MiB / 91.47 MiB [---------------------------------------------->] 100.00% 89.70 MiB p/s ETA 0s91.47 MiB / 91.47 MiB [---------------------------------------------->] 100.00% 83.92 MiB p/s ETA 0s91.47 MiB / 91.47 MiB [---------------------------------------------->] 100.00% 83.92 MiB p/s ETA 0s91.47 MiB / 91.47 MiB [---------------------------------------------->] 100.00% 83.92 MiB p/s ETA 0s91.47 MiB / 91.47 MiB [---------------------------------------------->] 100.00% 78.50 MiB p/s ETA 0s91.47 MiB / 91.47 MiB [---------------------------------------------->] 100.00% 78.50 MiB p/s ETA 0s91.47 MiB / 91.47 MiB [---------------------------------------------->] 100.00% 78.50 MiB p/s ETA 0s91.47 MiB / 91.47 MiB [-------------------------------------------------] 100.00% 26.77 MiB p/s 3.6s2026-04-28T17:48:57Z	INFO	[vulndb] Artifact successfully downloaded	repo="mirror.gcr.io/aquasec/trivy-db:2"
Version: 0.70.0
  Version: 2
2026-04-28T17:49:01Z	INFO	[vuln] Vulnerability scanning is enabled
2026-04-28T17:49:01Z	INFO	[secret] Secret scanning is enabled
2026-04-28T17:49:01Z	INFO	[secret] If your scanning is slow, please try '--scanners vuln' to disable secret scanning
2026-04-28T17:49:01Z	INFO	[secret] Please see https://trivy.dev/docs/v0.70/guide/scanner/secret#recommendation for faster secret detection
2026-04-28T17:49:02Z	WARN	[pip] Unable to find python `site-packages` directory. License detection is skipped.	err="unable to find path to Python executable"
2026-04-28T17:49:02Z	INFO	Number of language-specific files	num=0
Version: 0.70.0
  Version: 2
Error response from daemon: pull access denied for dhi/caddy, repository does not exist or may require 'docker login': denied: requested access to the resource is denied
