Unable to find image 'ghcr.io/aquasecurity/trivy:latest' locally
latest: Pulling from aquasecurity/trivy
589002ba0eae: Already exists
bd497c3c7308: Pulling fs layer
77ddeac46eeb: Pulling fs layer
fcdcff3e8f06: Pulling fs layer
fcdcff3e8f06: Verifying Checksum
fcdcff3e8f06: Download complete
bd497c3c7308: Verifying Checksum
bd497c3c7308: Download complete
77ddeac46eeb: Verifying Checksum
77ddeac46eeb: Download complete
bd497c3c7308: Pull complete
77ddeac46eeb: Pull complete
fcdcff3e8f06: Pull complete
Digest: sha256:be1190afcb28352bfddc4ddeb71470835d16462af68d310f9f4bca710961a41e
Status: Downloaded newer image for ghcr.io/aquasecurity/trivy:latest
2026-04-27T21:44:14Z	INFO	[vulndb] Need to update DB
2026-04-27T21:44:14Z	INFO	[vulndb] Downloading vulnerability DB...
2026-04-27T21:44:14Z	INFO	[vulndb] Downloading artifact...	repo="mirror.gcr.io/aquasec/trivy-db:2"
2.41 MiB / 91.45 MiB [->_____________________________________________________________] 2.63% ? p/s ?23.28 MiB / 91.45 MiB [--------------->_____________________________________________] 25.45% ? p/s ?48.00 MiB / 91.45 MiB [-------------------------------->____________________________] 52.48% ? p/s ?72.88 MiB / 91.45 MiB [------------------------------------->_________] 79.68% 117.51 MiB p/s ETA 0s91.45 MiB / 91.45 MiB [--------------------------------------------->] 100.00% 117.51 MiB p/s ETA 0s91.45 MiB / 91.45 MiB [--------------------------------------------->] 100.00% 117.51 MiB p/s ETA 0s91.45 MiB / 91.45 MiB [--------------------------------------------->] 100.00% 111.92 MiB p/s ETA 0s91.45 MiB / 91.45 MiB [--------------------------------------------->] 100.00% 111.92 MiB p/s ETA 0s91.45 MiB / 91.45 MiB [--------------------------------------------->] 100.00% 111.92 MiB p/s ETA 0s91.45 MiB / 91.45 MiB [--------------------------------------------->] 100.00% 104.70 MiB p/s ETA 0s91.45 MiB / 91.45 MiB [--------------------------------------------->] 100.00% 104.70 MiB p/s ETA 0s91.45 MiB / 91.45 MiB [--------------------------------------------->] 100.00% 104.70 MiB p/s ETA 0s91.45 MiB / 91.45 MiB [---------------------------------------------->] 100.00% 97.95 MiB p/s ETA 0s91.45 MiB / 91.45 MiB [---------------------------------------------->] 100.00% 97.95 MiB p/s ETA 0s91.45 MiB / 91.45 MiB [---------------------------------------------->] 100.00% 97.95 MiB p/s ETA 0s91.45 MiB / 91.45 MiB [---------------------------------------------->] 100.00% 91.63 MiB p/s ETA 0s91.45 MiB / 91.45 MiB [---------------------------------------------->] 100.00% 91.63 MiB p/s ETA 0s91.45 MiB / 91.45 MiB [---------------------------------------------->] 100.00% 91.63 MiB p/s ETA 0s91.45 MiB / 91.45 MiB [-------------------------------------------------] 100.00% 26.31 MiB p/s 3.7s2026-04-27T21:44:18Z	INFO	[vulndb] Artifact successfully downloaded	repo="mirror.gcr.io/aquasec/trivy-db:2"
Version: 0.70.0
  Version: 2
2026-04-27T21:44:22Z	INFO	[vuln] Vulnerability scanning is enabled
2026-04-27T21:44:22Z	INFO	[secret] Secret scanning is enabled
2026-04-27T21:44:22Z	INFO	[secret] If your scanning is slow, please try '--scanners vuln' to disable secret scanning
2026-04-27T21:44:22Z	INFO	[secret] Please see https://trivy.dev/docs/v0.70/guide/scanner/secret#recommendation for faster secret detection
2026-04-27T21:44:23Z	WARN	[pip] Unable to find python `site-packages` directory. License detection is skipped.	err="unable to find path to Python executable"
2026-04-27T21:44:23Z	INFO	Number of language-specific files	num=0
Version: 0.70.0
  Version: 2
Error response from daemon: pull access denied for dhi/caddy, repository does not exist or may require 'docker login': denied: requested access to the resource is denied
